// Jest Snapshot v1, https://goo.gl/fbAQLP

exports[`WfeFRFlowChangePasswordButton render 1`] = `
<input
  className="inputbutton btn"
  data-testid="ChangeButton.changeBtn"
  onClick={[Function]}
  type="button"
  value="Change"
/>
`;
