// Jest Snapshot v1, https://goo.gl/fbAQLP

exports[`ForgotUsernamePage should match snapshot 1`] = `
.c8 {
  height: 1.125rem;
  padding: 0.438rem;
  text-align: center;
  vertical-align: middle;
  display: inline-block;
  color: inherit;
  box-sizing: content-box;
  border-radius: 50%;
  overflow: visible;
}

.c8.c8 {
  width: 1.125rem;
}

.c31 {
  height: 1.375rem;
  padding: 1.313rem;
  text-align: center;
  vertical-align: middle;
  display: inline-block;
  color: inherit;
  box-sizing: content-box;
  border-radius: 50%;
  overflow: visible;
}

.c31.c31 {
  width: 1.375rem;
}

.c10 {
  font-family: Modern Era,sans-serif;
  -webkit-letter-spacing: 0;
  -moz-letter-spacing: 0;
  -ms-letter-spacing: 0;
  letter-spacing: 0;
  font-size: 12pt;
  line-height: 1.375rem;
  font-weight: bold;
  color: #091731;
  display: -webkit-box;
  display: -webkit-flex;
  display: -ms-flexbox;
  display: flex;
  -webkit-align-items: center;
  -webkit-box-align: center;
  -ms-flex-align: center;
  align-items: center;
}

.c28 {
  font-family: Modern Era,sans-serif;
  -webkit-letter-spacing: 0;
  -moz-letter-spacing: 0;
  -ms-letter-spacing: 0;
  letter-spacing: 0;
  color: #091731;
  font-style: normal;
  text-align: left;
  font-size: 10.5pt;
  line-height: 1.375rem;
  margin: auto;
}

.c5 {
  display: -webkit-box;
  display: -webkit-flex;
  display: -ms-flexbox;
  display: flex;
  -webkit-align-items: center;
  -webkit-box-align: center;
  -ms-flex-align: center;
  align-items: center;
  -webkit-box-pack: center;
  -webkit-justify-content: center;
  -ms-flex-pack: center;
  justify-content: center;
  position: relative;
  font-family: Modern Era,sans-serif;
  -webkit-letter-spacing: 0;
  -moz-letter-spacing: 0;
  -ms-letter-spacing: 0;
  letter-spacing: 0;
  font-size: 12pt;
  line-height: 1.375rem;
  font-weight: bold;
  height: 3.5rem;
  width: 14rem;
  border-radius: 2rem;
  text-align: center;
  cursor: pointer;
  border: 1px solid #091731;
  background-color: #fff;
}

.c5 .c9 {
  -webkit-box-pack: space-evenly;
  -webkit-justify-content: space-evenly;
  -ms-flex-pack: space-evenly;
  justify-content: space-evenly;
}

.c5,
.c5 * {
  color: #091731;
}

.c5:hover,
.c5:focus,
.c5:hover .c7,
.c5:focus .c7,
.c5:hover .c9,
.c5:focus .c9 {
  background-color: #fff;
  color: #465164;
}

.c5:active {
  opacity: 0.8;
  -webkit-text-decoration: none;
  text-decoration: none;
}

.c5 .c7 {
  padding-left: 0;
}

.c17 {
  display: -webkit-box;
  display: -webkit-flex;
  display: -ms-flexbox;
  display: flex;
  -webkit-align-items: center;
  -webkit-box-align: center;
  -ms-flex-align: center;
  align-items: center;
  -webkit-box-pack: center;
  -webkit-justify-content: center;
  -ms-flex-pack: center;
  justify-content: center;
  position: relative;
  font-family: Modern Era,sans-serif;
  -webkit-letter-spacing: 0;
  -moz-letter-spacing: 0;
  -ms-letter-spacing: 0;
  letter-spacing: 0;
  font-size: 12pt;
  line-height: 1.375rem;
  font-weight: bold;
  height: 3.5rem;
  width: 14rem;
  border-radius: 2rem;
  text-align: center;
  cursor: pointer;
  border: none;
  background-color: #091731;
}

.c17 .c9 {
  -webkit-box-pack: space-evenly;
  -webkit-justify-content: space-evenly;
  -ms-flex-pack: space-evenly;
  justify-content: space-evenly;
}

.c17,
.c17 * {
  color: #fff;
}

.c17:hover,
.c17:focus,
.c17:hover .c7,
.c17:focus .c7,
.c17:hover .c9,
.c17:focus .c9 {
  background-color: #465164;
  color: #fff;
}

.c17:active {
  opacity: 0.8;
  -webkit-text-decoration: none;
  text-decoration: none;
}

.c17 .c7 {
  padding-left: 0;
}

.c12 {
  margin-left: 2rem;
}

.c29 {
  background-color: #f3f5f6;
  white-space: nowrap;
  margin: 0.5rem;
  border: none;
  border-radius: 0.25rem;
  padding: 1.5rem;
  display: -webkit-box;
  display: -webkit-flex;
  display: -ms-flexbox;
  display: flex;
  gap: 1.25rem;
  -webkit-align-items: center;
  -webkit-box-align: center;
  -ms-flex-align: center;
  align-items: center;
  vertical-align: middle;
  text-align: left;
  box-sizing: border-box;
}

.c14 {
  font-family: Modern Era,sans-serif;
  -webkit-letter-spacing: 0;
  -moz-letter-spacing: 0;
  -ms-letter-spacing: 0;
  letter-spacing: 0;
  color: #325FFF;
  -webkit-text-decoration: none;
  text-decoration: none;
  font-size: 10.5pt;
  line-height: 1.375rem;
}

.c14:hover,
.c14:active,
.c14:focus {
  -webkit-text-decoration: underline;
  text-decoration: underline;
}

.c2 {
  display: -webkit-box;
  display: -webkit-flex;
  display: -ms-flexbox;
  display: flex;
  -webkit-align-items: center;
  -webkit-box-align: center;
  -ms-flex-align: center;
  align-items: center;
  -webkit-box-pack: justify;
  -webkit-justify-content: space-between;
  -ms-flex-pack: justify;
  justify-content: space-between;
  min-height: 5rem;
  background-color: #fff;
  left: 0;
  top: 0;
  padding: 0 2rem;
}

.c18 {
  width: 10.5rem;
}

.c6 {
  background: none;
  border: none;
  -webkit-box-pack: end;
  -webkit-justify-content: flex-end;
  -ms-flex-pack: end;
  justify-content: flex-end;
  width: 9.5rem;
}

.c3 {
  width: 100%;
  display: -webkit-box;
  display: -webkit-flex;
  display: -ms-flexbox;
  display: flex;
}

.c4 {
  -webkit-box-pack: start;
  -webkit-justify-content: flex-start;
  -ms-flex-pack: start;
  justify-content: flex-start;
}

.c16 {
  -webkit-box-pack: end;
  -webkit-justify-content: flex-end;
  -ms-flex-pack: end;
  justify-content: flex-end;
}

.c11 {
  display: block;
}

.c15 {
  display: none;
}

.c30 {
  position: fixed;
  right: 1rem;
  bottom: 1rem;
  cursor: pointer;
  background-color: #091731;
  padding: 1rem 1.25rem;
  border-radius: 1.75rem;
  gap: 1rem;
  font-family: Modern Era,sans-serif;
  color: #fff;
}

.c30 .c7 {
  color: #091731;
  background-color: #fff;
  padding: 0;
}

.c30 .c7 circle:first-of-type {
  stroke-opacity: 0;
}

.c1 {
  position: fixed;
  width: 100%;
  height: 100%;
  z-index: -1;
  background-color: #FFFFFF;
  -webkit-transition: background-color 1s linear;
  transition: background-color 1s linear;
}

.c25 {
  display: grid;
  grid-template-rows: 1fr;
  -webkit-align-items: center;
  -webkit-box-align: center;
  -ms-flex-align: center;
  align-items: center;
}

.c0 {
  height: 100vh;
  display: -webkit-box;
  display: -webkit-flex;
  display: -ms-flexbox;
  display: flex;
  -webkit-flex-direction: column;
  -ms-flex-direction: column;
  flex-direction: column;
}

.c20 {
  margin-left: 8rem;
}

.c19 {
  width: 100%;
  height: 100%;
  display: -webkit-box;
  display: -webkit-flex;
  display: -ms-flexbox;
  display: flex;
  -webkit-flex-direction: row;
  -ms-flex-direction: row;
  flex-direction: row;
  -webkit-align-items: center;
  -webkit-box-align: center;
  -ms-flex-align: center;
  align-items: center;
  -webkit-box-pack: justify;
  -webkit-justify-content: space-between;
  -ms-flex-pack: justify;
  justify-content: space-between;
}

.c26 {
  max-width: 75rem;
  display: -webkit-box;
  display: -webkit-flex;
  display: -ms-flexbox;
  display: flex;
  -webkit-align-items: center;
  -webkit-box-align: center;
  -ms-flex-align: center;
  align-items: center;
}

.c26 .c27 {
  padding: 1.25rem 1.25rem 2.5rem;
  color: #FFFFFF;
  -webkit-transition: color 1s linear;
  transition: color 1s linear;
}

.c26 .c13:focus,
.c26 .c13:hover,
.c26 .c13:visited,
.c26 .c13:link,
.c26 .c13:active {
  color: #FFFFFF;
}

.c24 {
  width: 100%;
  display: -webkit-box;
  display: -webkit-flex;
  display: -ms-flexbox;
  display: flex;
  -webkit-align-items: center;
  -webkit-box-align: center;
  -ms-flex-align: center;
  align-items: center;
  -webkit-box-pack: center;
  -webkit-justify-content: center;
  -ms-flex-pack: center;
  justify-content: center;
  margin: 1.5rem;
}

.c22 {
  width: 30rem;
  text-align: center;
}

.c23 {
  margin: 2rem;
  padding: 2rem;
  width: 5rem;
  height: 5rem;
  border: 0.313rem solid #cdd0d5;
  border-bottom-color: transparent;
  border-radius: 50%;
  display: inline-block;
  box-sizing: border-box;
  -webkit-animation: rotation 1s linear infinite;
  animation: rotation 1s linear infinite;
}

.c21 {
  margin: 1.5rem;
}

@media (max-width:767px) {
  .c29 {
    white-space: normal;
    -webkit-flex-direction: column;
    -ms-flex-direction: column;
    flex-direction: column;
    gap: 0.05rem;
  }
}

@media only screen and (max-width:576px) {
  .c4 {
    display: none;
  }
}

@media only screen and (max-width:576px) {
  .c11 {
    display: none;
  }
}

@media only screen and (max-width:576px) {
  .c15 {
    display: block;
  }
}

@media (max-width:767px) {
  .c30 {
    -webkit-flex-direction: row;
    -ms-flex-direction: row;
    flex-direction: row;
  }
}

@media only screen and (max-width:1280px) {
  .c20 {
    margin-left: unset;
  }
}

@media only screen and (max-width:767px) {
  .c20 {
    margin-left: unset;
  }
}

@media only screen and (max-width:576px) {
  .c20 {
    margin: unset;
    width: 100%;
  }
}

@media only screen and (max-width:980px) {
  .c19 {
    -webkit-flex-direction: column;
    -ms-flex-direction: column;
    flex-direction: column;
    height: auto;
    width: auto;
  }
}

@media only screen and (max-width:576px) {
  .c22 {
    width: 100%;
  }
}

@media only screen and (max-width:90.5rem) {
  .c21 {
    display: -webkit-box;
    display: -webkit-flex;
    display: -ms-flexbox;
    display: flex;
    -webkit-box-pack: center;
    -webkit-justify-content: center;
    -ms-flex-pack: center;
    justify-content: center;
  }
}

@media only screen and (max-width:576px) {
  .c21 {
    margin-bottom: 0;
  }
}

<div
  className="c0"
>
  <div
    className="c1"
  />
  <div
    className="c2"
  >
    <div
      className="c3 c4"
    >
      <button
        className="c5 c6"
        data-testid="Button"
        label="CMC website"
        onClick={[Function]}
        type="button"
      >
        <svg
          className="c7 c8"
          data-testid="Button.Icon"
          fill="none"
          height={24}
          stroke="currentColor"
          strokeLinecap="round"
          strokeLinejoin="round"
          strokeWidth="2"
          viewBox="0 0 24 24"
          width={24}
          xmlns="http://www.w3.org/2000/svg"
        >
          <line
            x1="19"
            x2="5"
            y1="12"
            y2="12"
          />
          <polyline
            points="12 19 5 12 12 5"
          />
        </svg>
        <span
          className="c9 c10"
          data-testid="Button.Label"
        >
          CMC website
        </span>
      </button>
    </div>
    <div
      className="c11"
    >
      <img
        className="c12"
        src="test-file-stub"
      />
    </div>
    <a
      className="c13 c14 c15"
      href="https://www.cmcinvest.sg"
    >
      <img
        className="c12"
        src="test-file-stub"
      />
    </a>
    <div
      className="c3 c16"
    >
      <button
        className="c17 c18"
        data-testid="Button"
        label="Create account"
        onClick={[Function]}
        type="button"
      >
        <span
          className="c9 c10"
          data-testid="Button.Label"
        >
          Create account
        </span>
      </button>
    </div>
  </div>
  <div
    className="c19"
  >
    <div
      className="c20"
    >
      <div
        className="c21"
      >
        <div
          className="c22"
        >
          <span
            className="c23"
          />
        </div>
      </div>
    </div>
    <div
      className="c24"
    >
      <div
        className="c25"
      />
    </div>
  </div>
  <div
    className="c26"
  >
    <p
      className="c27 c28"
      size="medium"
    >
      Trans
    </p>
  </div>
  <div
    className="c29 c30"
    onClick={[Function]}
  >
    <svg
      className="c7 c31"
      data-testid="Icon"
      fill="none"
      height={24}
      stroke="currentColor"
      strokeLinecap="round"
      strokeLinejoin="round"
      strokeWidth="2"
      viewBox="0 0 24 24"
      width={24}
      xmlns="http://www.w3.org/2000/svg"
    >
      <circle
        cx="12"
        cy="12"
        r="10"
      />
      <path
        d="M9.09 9a3 3 0 0 1 5.83 1c0 2-3 3-3 3"
      />
      <line
        x1="12"
        x2="12.01"
        y1="17"
        y2="17"
      />
    </svg>
    Help
  </div>
</div>
`;
