// Jest Snapshot v1, https://goo.gl/fbAQLP

exports[`BuildErrorForm should match snapshot 1`] = `
.c20 {
  font-family: Modern Era,sans-serif;
  -webkit-letter-spacing: 0;
  -moz-letter-spacing: 0;
  -ms-letter-spacing: 0;
  letter-spacing: 0;
  font-size: 12pt;
  line-height: 1.375rem;
  font-weight: bold;
  color: #091731;
  display: -webkit-box;
  display: -webkit-flex;
  display: -ms-flexbox;
  display: flex;
  -webkit-align-items: center;
  -webkit-box-align: center;
  -ms-flex-align: center;
  align-items: center;
}

.c13 {
  font-family: Modern Era,sans-serif;
  -webkit-letter-spacing: 0;
  -moz-letter-spacing: 0;
  -ms-letter-spacing: 0;
  letter-spacing: 0;
  color: #091731;
  font-style: normal;
  text-align: left;
  font-size: 10.5pt;
  line-height: 1.375rem;
  margin: auto;
}

.c17 {
  display: inline-block;
  margin: auto;
  -webkit-align-items: center;
  -webkit-box-align: center;
  -ms-flex-align: center;
  align-items: center;
  -webkit-box-pack: center;
  -webkit-justify-content: center;
  -ms-flex-pack: center;
  justify-content: center;
  position: relative;
  font-family: Modern Era,sans-serif;
  -webkit-letter-spacing: 0;
  -moz-letter-spacing: 0;
  -ms-letter-spacing: 0;
  letter-spacing: 0;
  font-size: 12pt;
  line-height: 1.375rem;
  font-weight: bold;
  height: 3.5rem;
  width: 14rem;
  border-radius: 2rem;
  text-align: center;
  cursor: pointer;
  border: none;
  background-color: #091731;
}

.c17 .c19 {
  -webkit-box-pack: space-evenly;
  -webkit-justify-content: space-evenly;
  -ms-flex-pack: space-evenly;
  justify-content: space-evenly;
}

.c17,
.c17 * {
  color: #fff;
}

.c17:active {
  opacity: 0.8;
  -webkit-text-decoration: none;
  text-decoration: none;
}

.c7 {
  font-family: Modern Era,sans-serif;
  -webkit-letter-spacing: 0;
  -moz-letter-spacing: 0;
  -ms-letter-spacing: 0;
  letter-spacing: 0;
  color: #091731;
  text-align: center;
  font-weight: bold;
  font-size: 2rem;
  line-height: 2.5rem;
}

.c0 {
  box-shadow: 0 0.125rem 0.25rem rgba(70,81,100,0.1);
  border-radius: 1.25rem;
  display: -webkit-box;
  display: -webkit-flex;
  display: -ms-flexbox;
  display: flex;
  -webkit-align-items: center;
  -webkit-box-align: center;
  -ms-flex-align: center;
  align-items: center;
}

.c1 {
  margin: auto;
  height: auto;
  position: relative;
  max-width: 39rem;
  -webkit-flex-direction: column;
  -ms-flex-direction: column;
  flex-direction: column;
}

.c4 {
  width: 100%;
  padding: 3rem 0;
  display: -webkit-box;
  display: -webkit-flex;
  display: -ms-flexbox;
  display: flex;
  -webkit-flex-direction: column;
  -ms-flex-direction: column;
  flex-direction: column;
  -webkit-align-items: center;
  -webkit-box-align: center;
  -ms-flex-align: center;
  align-items: center;
  text-align: center;
  background-color: #091731;
  border-top-left-radius: 1.25rem;
  border-top-right-radius: 1.25rem;
}

.c4 > * {
  color: #fff;
}

.c4 .c12 {
  margin-top: 1.5rem;
  text-align: center;
}

.c4 .c19 {
  text-align: center;
  margin-top: 0.5rem;
  display: block;
}

.c8 {
  padding: 3rem 5rem;
  -webkit-flex-direction: row;
  -ms-flex-direction: row;
  flex-direction: row;
  text-align: center;
  -webkit-align-items: center;
  -webkit-box-align: center;
  -ms-flex-align: center;
  align-items: center;
  -webkit-box-pack: justify;
  -webkit-justify-content: space-between;
  -ms-flex-pack: justify;
  justify-content: space-between;
  width: 100%;
  box-sizing: border-box;
}

.c2 {
  max-width: 39rem;
  background-color: #fff;
  box-shadow: 0 0.125rem 0.25rem rgba(70,81,100,0.1);
  border-radius: 1.25rem;
}

.c15 {
  background-color: #f3f5f6;
  white-space: nowrap;
  margin: 0.5rem;
  border: none;
  border-radius: 0.25rem;
  padding: 1.5rem;
  display: -webkit-box;
  display: -webkit-flex;
  display: -ms-flexbox;
  display: flex;
  gap: 1.25rem;
  -webkit-align-items: center;
  -webkit-box-align: center;
  -ms-flex-align: center;
  align-items: center;
  vertical-align: middle;
  text-align: left;
  box-sizing: border-box;
}

.c3 {
  width: 30rem;
  max-width: 30rem;
}

.c5 {
  padding: 2rem;
  width: 100%;
  -webkit-box-pack: center;
  -webkit-justify-content: center;
  -ms-flex-pack: center;
  justify-content: center;
  box-sizing: border-box;
  min-height: 8rem;
}

.c5 .c6 {
  margin-top: 0;
  margin-bottom: 0;
  color: #fff;
}

.c9 {
  padding: 2rem;
  width: 100%;
}

.c10 {
  display: -webkit-box;
  display: -webkit-flex;
  display: -ms-flexbox;
  display: flex;
  -webkit-flex-direction: column;
  -ms-flex-direction: column;
  flex-direction: column;
}

.c18 {
  width: 10.5rem;
  margin: 0;
}

.c11 {
  -webkit-align-items: center;
  -webkit-box-align: center;
  -ms-flex-align: center;
  align-items: center;
  gap: 1rem;
}

.c16 {
  box-sizing: border-box;
  padding: 1.25rem;
  margin: 0 0 0.5rem 0;
  width: 100%;
  -webkit-align-items: center;
  -webkit-box-align: center;
  -ms-flex-align: center;
  align-items: center;
  border-radius: 0.25rem;
  -webkit-flex-direction: column;
  -ms-flex-direction: column;
  flex-direction: column;
  gap: 0.25rem;
  white-space: normal;
}

.c16 .c12 {
  margin: 0;
}

.c14 {
  text-align: center;
}

@media (max-width:767px) {
  .c7 {
    font-size: 1.75rem;
    line-height: 2.25rem;
  }
}

@media (max-width:767px) {
  .c1 {
    max-width: 22rem;
  }
}

@media (max-width:767px) {
  .c8 {
    width: auto;
    padding: 2rem 1.5rem;
  }
}

@media (max-width:767px) {
  .c15 {
    white-space: normal;
    -webkit-flex-direction: column;
    -ms-flex-direction: column;
    flex-direction: column;
    gap: 0.05rem;
  }
}

@media only screen and (max-width:576px) {
  .c3 {
    width: 100%;
  }
}

<div
  className="c0 c1 c2 c3"
>
  <div
    className="c4 c5"
  >
    <h2
      className="c6 c7"
    >
      Account Inactive
    </h2>
  </div>
  <div
    className="c8 c9"
  >
    <div
      className="c10 c11"
    >
      <p
        className="c12 c13 c14"
      >
        Trans
      </p>
      <div
        className="c15 c16"
      >
        <p
          className="c12 c13"
          size="medium"
        >
          some-ref
        </p>
      </div>
      <button
        className="c17 c18"
        data-testid="InactiveAccountForm.backToLogin"
        label="Back to Login"
        onClick={[Function]}
        type="button"
      >
        <span
          className="c19 c20"
          data-testid="InactiveAccountForm.backToLogin.Label"
        >
          Back to Login
        </span>
      </button>
    </div>
  </div>
</div>
`;
