// Jest Snapshot v1, https://goo.gl/fbAQLP

exports[`DisableMFAConfirmForm render should match snapshot 1`] = `
.c7 {
  font-family: Modern Era,sans-serif;
  -webkit-letter-spacing: 0;
  -moz-letter-spacing: 0;
  -ms-letter-spacing: 0;
  letter-spacing: 0;
  font-size: 12pt;
  line-height: 1.375rem;
  font-weight: bold;
  color: #091731;
  display: -webkit-box;
  display: -webkit-flex;
  display: -ms-flexbox;
  display: flex;
  -webkit-align-items: center;
  -webkit-box-align: center;
  -ms-flex-align: center;
  align-items: center;
}

.c3 {
  font-family: Modern Era,sans-serif;
  -webkit-letter-spacing: 0;
  -moz-letter-spacing: 0;
  -ms-letter-spacing: 0;
  letter-spacing: 0;
  color: #091731;
  font-style: normal;
  text-align: left;
  font-size: 10.5pt;
  line-height: 1.375rem;
  margin: auto;
}

.c4 {
  display: inline-block;
  margin: auto;
  -webkit-align-items: center;
  -webkit-box-align: center;
  -ms-flex-align: center;
  align-items: center;
  -webkit-box-pack: center;
  -webkit-justify-content: center;
  -ms-flex-pack: center;
  justify-content: center;
  position: relative;
  font-family: Modern Era,sans-serif;
  -webkit-letter-spacing: 0;
  -moz-letter-spacing: 0;
  -ms-letter-spacing: 0;
  letter-spacing: 0;
  font-size: 12pt;
  line-height: 1.375rem;
  font-weight: bold;
  height: 3.5rem;
  width: 14rem;
  border-radius: 2rem;
  text-align: center;
  cursor: pointer;
  border: none;
  background-color: #091731;
}

.c4 .c6 {
  -webkit-box-pack: space-evenly;
  -webkit-justify-content: space-evenly;
  -ms-flex-pack: space-evenly;
  justify-content: space-evenly;
}

.c4,
.c4 * {
  color: #fff;
}

.c4:active {
  opacity: 0.8;
  -webkit-text-decoration: none;
  text-decoration: none;
}

.c0 {
  display: -webkit-box;
  display: -webkit-flex;
  display: -ms-flexbox;
  display: flex;
  -webkit-flex-direction: column;
  -ms-flex-direction: column;
  flex-direction: column;
}

.c1 {
  gap: 1rem;
  -webkit-box-pack: center;
  -webkit-justify-content: center;
  -ms-flex-pack: center;
  justify-content: center;
  -webkit-align-items: center;
  -webkit-box-align: center;
  -ms-flex-align: center;
  align-items: center;
}

.c1 .c2 {
  text-align: center !important;
}

.c5 {
  width: 10.5rem;
  margin: 0;
}

<div
  className="c0 c1"
>
  <p
    className="c2 c3"
  >
    Are you sure you want to turn Multi-Factor Authentication off for this account?
  </p>
  <button
    className="c4 c5"
    data-testid="DisableMFAConfirmForm.confirm"
    label="Confirm"
    onClick={[Function]}
    type="button"
  >
    <span
      className="c6 c7"
      data-testid="DisableMFAConfirmForm.confirm.Label"
    >
      Confirm
    </span>
  </button>
</div>
`;
