// Jest Snapshot v1, https://goo.gl/fbAQLP

exports[`InactiveAccountForm render should match snapshot 1`] = `
.c10 {
  font-family: Modern Era,sans-serif;
  -webkit-letter-spacing: 0;
  -moz-letter-spacing: 0;
  -ms-letter-spacing: 0;
  letter-spacing: 0;
  font-size: 12pt;
  line-height: 1.375rem;
  font-weight: bold;
  color: #091731;
  display: -webkit-box;
  display: -webkit-flex;
  display: -ms-flexbox;
  display: flex;
  -webkit-align-items: center;
  -webkit-box-align: center;
  -ms-flex-align: center;
  align-items: center;
}

.c3 {
  font-family: Modern Era,sans-serif;
  -webkit-letter-spacing: 0;
  -moz-letter-spacing: 0;
  -ms-letter-spacing: 0;
  letter-spacing: 0;
  color: #091731;
  font-style: normal;
  text-align: left;
  font-size: 10.5pt;
  line-height: 1.375rem;
  margin: auto;
}

.c7 {
  display: inline-block;
  margin: auto;
  -webkit-align-items: center;
  -webkit-box-align: center;
  -ms-flex-align: center;
  align-items: center;
  -webkit-box-pack: center;
  -webkit-justify-content: center;
  -ms-flex-pack: center;
  justify-content: center;
  position: relative;
  font-family: Modern Era,sans-serif;
  -webkit-letter-spacing: 0;
  -moz-letter-spacing: 0;
  -ms-letter-spacing: 0;
  letter-spacing: 0;
  font-size: 12pt;
  line-height: 1.375rem;
  font-weight: bold;
  height: 3.5rem;
  width: 14rem;
  border-radius: 2rem;
  text-align: center;
  cursor: pointer;
  border: none;
  background-color: #091731;
}

.c7 .c9 {
  -webkit-box-pack: space-evenly;
  -webkit-justify-content: space-evenly;
  -ms-flex-pack: space-evenly;
  justify-content: space-evenly;
}

.c7,
.c7 * {
  color: #fff;
}

.c7:active {
  opacity: 0.8;
  -webkit-text-decoration: none;
  text-decoration: none;
}

.c5 {
  background-color: #f3f5f6;
  white-space: nowrap;
  margin: 0.5rem;
  border: none;
  border-radius: 0.25rem;
  padding: 1.5rem;
  display: -webkit-box;
  display: -webkit-flex;
  display: -ms-flexbox;
  display: flex;
  gap: 1.25rem;
  -webkit-align-items: center;
  -webkit-box-align: center;
  -ms-flex-align: center;
  align-items: center;
  vertical-align: middle;
  text-align: left;
  box-sizing: border-box;
}

.c0 {
  display: -webkit-box;
  display: -webkit-flex;
  display: -ms-flexbox;
  display: flex;
  -webkit-flex-direction: column;
  -ms-flex-direction: column;
  flex-direction: column;
}

.c8 {
  width: 10.5rem;
  margin: 0;
}

.c1 {
  -webkit-align-items: center;
  -webkit-box-align: center;
  -ms-flex-align: center;
  align-items: center;
  gap: 1rem;
}

.c6 {
  box-sizing: border-box;
  padding: 1.25rem;
  margin: 0 0 0.5rem 0;
  width: 100%;
  -webkit-align-items: center;
  -webkit-box-align: center;
  -ms-flex-align: center;
  align-items: center;
  border-radius: 0.25rem;
  -webkit-flex-direction: column;
  -ms-flex-direction: column;
  flex-direction: column;
  gap: 0.25rem;
  white-space: normal;
}

.c6 .c2 {
  margin: 0;
}

.c4 {
  text-align: center;
}

@media (max-width:767px) {
  .c5 {
    white-space: normal;
    -webkit-flex-direction: column;
    -ms-flex-direction: column;
    flex-direction: column;
    gap: 0.05rem;
  }
}

<div
  className="c0 c1"
>
  <p
    className="c2 c3 c4"
  >
    Trans
  </p>
  <div
    className="c5 c6"
  >
    <p
      className="c2 c3"
      size="medium"
    >
      some-ref
    </p>
  </div>
  <button
    className="c7 c8"
    data-testid="InactiveAccountForm.backToLogin"
    label="Back to Login"
    onClick={[Function]}
    type="button"
  >
    <span
      className="c9 c10"
      data-testid="InactiveAccountForm.backToLogin.Label"
    >
      Back to Login
    </span>
  </button>
</div>
`;
