// Jest Snapshot v1, https://goo.gl/fbAQLP

exports[`InnerOTPResendOptionForm render should match snapshot 1`] = `null`;
