// Jest Snapshot v1, https://goo.gl/fbAQLP

exports[`LoginRetryForm render should match snapshot 1`] = `null`;
