// Jest Snapshot v1, https://goo.gl/fbAQLP

exports[`ReCaptchaForm render should match snapshot 1`] = `null`;
