// Jest Snapshot v1, https://goo.gl/fbAQLP

exports[`RegisterMFAStartForm render should match snapshot 1`] = `null`;
