// Jest Snapshot v1, https://goo.gl/fbAQLP

exports[`RequestMFAResultForm render should match snapshot 1`] = `
.c3 {
  font-family: Modern Era,sans-serif;
  -webkit-letter-spacing: 0;
  -moz-letter-spacing: 0;
  -ms-letter-spacing: 0;
  letter-spacing: 0;
  color: #091731;
  font-style: normal;
  text-align: left;
  font-size: 10.5pt;
  line-height: 1.375rem;
  margin: auto;
}

.c0 {
  display: -webkit-box;
  display: -webkit-flex;
  display: -ms-flexbox;
  display: flex;
  -webkit-flex-direction: column;
  -ms-flex-direction: column;
  flex-direction: column;
}

.c1 {
  padding: 2rem;
  -webkit-box-pack: center;
  -webkit-justify-content: center;
  -ms-flex-pack: center;
  justify-content: center;
  -webkit-align-items: center;
  -webkit-box-align: center;
  -ms-flex-align: center;
  align-items: center;
  gap: 1rem;
}

.c2 {
  width: 5rem;
  height: 5rem;
}

<div
  className="c0 c1"
>
  <img
    className="c2"
    data-testid="RequestMFAResultForm.icon-error"
    src="test-file-stub"
  />
  <p
    className="c3"
  >
    <b>
      Declined
    </b>
  </p>
</div>
`;
