// Jest Snapshot v1, https://goo.gl/fbAQLP

exports[`RequestMFARecoveryCodesChoiceForm render should match snapshot 1`] = `null`;
