// Jest Snapshot v1, https://goo.gl/fbAQLP

exports[`FRFlowManager should match snapshot 1`] = `
.c0 {
  overflow-x: hidden;
  position: absolute;
  top: 0;
  left: 0;
  width: 100vw;
  height: 100vh;
}

<div
  className="c0"
/>
`;
